 Network factory-t9-task-correction-20260913_default Creating
 Network factory-t9-task-correction-20260913_default Created
 Volume factory-t9-task-correction-20260913_factory-artifacts Creating
 Volume factory-t9-task-correction-20260913_factory-artifacts Created
 Volume factory-t9-task-correction-20260913_factory-postgres Creating
 Volume factory-t9-task-correction-20260913_factory-postgres Created
 Container factory-t9-task-correction-20260913-redis-1 Creating
 Container factory-t9-task-correction-20260913-postgres-1 Creating
 Container factory-t9-task-correction-20260913-redis-1 Created
 Container factory-t9-task-correction-20260913-postgres-1 Created
 Container factory-t9-task-correction-20260913-control-plane-1 Creating
 Container factory-t9-task-correction-20260913-control-plane-1 Created
 Container factory-t9-task-correction-20260913-workbench-1 Creating
 Container factory-t9-task-correction-20260913-compiler-worker-1 Creating
 Container factory-t9-task-correction-20260913-compiler-worker-1 Created
 Container factory-t9-task-correction-20260913-workbench-1 Created
 Container factory-t9-task-correction-20260913-redis-1 Starting
 Container factory-t9-task-correction-20260913-postgres-1 Starting
 Container factory-t9-task-correction-20260913-postgres-1 Started
 Container factory-t9-task-correction-20260913-redis-1 Started
 Container factory-t9-task-correction-20260913-redis-1 Waiting
 Container factory-t9-task-correction-20260913-postgres-1 Waiting
 Container factory-t9-task-correction-20260913-redis-1 Healthy
 Container factory-t9-task-correction-20260913-postgres-1 Healthy
 Container factory-t9-task-correction-20260913-control-plane-1 Starting
 Container factory-t9-task-correction-20260913-control-plane-1 Started
 Container factory-t9-task-correction-20260913-workbench-1 Starting
 Container factory-t9-task-correction-20260913-redis-1 Waiting
 Container factory-t9-task-correction-20260913-workbench-1 Started
 Container factory-t9-task-correction-20260913-redis-1 Healthy
 Container factory-t9-task-correction-20260913-compiler-worker-1 Starting
 Container factory-t9-task-correction-20260913-compiler-worker-1 Started
