 Container factory-t9-task-correction-20260913-workbench-1 Stopping
 Container factory-t9-task-correction-20260913-compiler-worker-1 Stopping
 Container factory-t9-task-correction-20260913-compiler-worker-1 Stopped
 Container factory-t9-task-correction-20260913-compiler-worker-1 Removing
 Container factory-t9-task-correction-20260913-compiler-worker-1 Removed
 Container factory-t9-task-correction-20260913-workbench-1 Stopped
 Container factory-t9-task-correction-20260913-workbench-1 Removing
 Container factory-t9-task-correction-20260913-workbench-1 Removed
 Container factory-t9-task-correction-20260913-control-plane-1 Stopping
 Container factory-t9-task-correction-20260913-control-plane-1 Stopped
 Container factory-t9-task-correction-20260913-control-plane-1 Removing
 Container factory-t9-task-correction-20260913-control-plane-1 Removed
 Container factory-t9-task-correction-20260913-redis-1 Stopping
 Container factory-t9-task-correction-20260913-postgres-1 Stopping
 Container factory-t9-task-correction-20260913-postgres-1 Stopped
 Container factory-t9-task-correction-20260913-postgres-1 Removing
 Container factory-t9-task-correction-20260913-postgres-1 Removed
 Container factory-t9-task-correction-20260913-redis-1 Stopped
 Container factory-t9-task-correction-20260913-redis-1 Removing
 Container factory-t9-task-correction-20260913-redis-1 Removed
 Network factory-t9-task-correction-20260913_default Removing
 Volume factory-t9-task-correction-20260913_factory-artifacts Removing
 Volume factory-t9-task-correction-20260913_factory-postgres Removing
 Volume factory-t9-task-correction-20260913_factory-artifacts Removed
 Volume factory-t9-task-correction-20260913_factory-postgres Removed
 Network factory-t9-task-correction-20260913_default Removed
